Options:
  -h, --host  Host to bind server.                                      [string]
  -p, --port  Port to bind server                                       [number]
  -k, --key   Path to SSL key                                           [string]
  -c, --cert  Path to SSL certificate                                   [string]
  --help      Show help                                                [boolean]

Examples:
  test/servers/options.js --port 31337
  --host 127.0.0.1
  LOGUX_PORT=1337 test/servers/options.js

Corresponding ENV variables: LOGUX_HOST, LOGUX_PORT, LOGUX_KEY, LOGUX_CERT

